python : test_calculate_level_difficulty_basic 
(src.scripts.test_level_generator.TestLevelGenerator.test_calculate_level_difficulty_basic)
At line:1 char:1
+ python -m unittest src/scripts/test_level_generator.py -v > test_outp ...
+ ~~~~~~~~~~~~~~~~~~~~~~~~~~~~~~~~~~~~~~~~~~~~~~~~~~~~~~~~~~~~~~~~~~~~~
    + CategoryInfo          : NotSpecified: (test_calculate_...fficulty_basic):String) [], RemoteException
    + FullyQualifiedErrorId : NativeCommandError
 

Using game data path: C:\Github\match-five\src\data\gameData.json
Test difficulty calculation for a simple valid level ... ok
test_calculate_level_difficulty_duplicate_words 
(src.scripts.test_level_generator.TestLevelGenerator.test_calculate_level_difficulty_duplicate_words)
Loaded 57 hints and 160 unique words

Using game data path: C:\Github\match-five\src\data\gameData.json
Test difficulty calculation with duplicate words ... ok
test_calculate_level_difficulty_impossible 
(src.scripts.test_level_generator.TestLevelGenerator.test_calculate_level_difficulty_impossible)
Loaded 57 hints and 160 unique words

Using game data path: C:\Github\match-five\src\data\gameData.json
Test difficulty calculation for an impossible level ... ok
test_cumulative_solvability 
(src.scripts.test_level_generator.TestLevelGenerator.test_cumulative_solvability)
Loaded 57 hints and 160 unique words

Using game data path: C:\Github\match-five\src\data\gameData.json
Loaded 57 hints and 160 unique words

Testing cumulative solvability:

Testing stage 1:
- Current slots: ['Red', 'Blue']
- Current words: ['Fire', 'River']
- Used words: set()
- Used hints: []

Testing stage 2:
- Current slots: ['Green', 'Yellow']
- Current words: ['Grass', 'Sun']
- Used words: {'River', 'Fire'}
- Used hints: ['Red', 'Blue']

Testing stage 3:
- Current slots: ['Brown', 'White']
- Current words: ['Earth', 'Cloud']
- Used words: {'Sun', 'River', 'Fire', 'Grass'}
- Used hints: ['Red', 'Blue', 'Green', 'Yellow']
Test that each stage of a level is solvable with all previous words and hints ... ok
test_find_words_matching_hint 
(src.scripts.test_level_generator.TestLevelGenerator.test_find_words_matching_hint)

Using game data path: C:\Github\match-five\src\data\gameData.json
Loaded 57 hints and 160 unique words

Testing word-hint matching:
- Red accepts: {'Rose', 'Tomato', 'Blood', 'Strawberry', 'Rage', 'Cherry', 'Apple', 'Fire'}
- Light accepts: {'Feather', 'Air', 'Cloud'}
- Pink accepts: {'Rose', 'Salmon', 'Heart', 'Pig', 'Strawberry'}
- Position accepts: {'Middle', 'Center', 'Right', 'Above', 'Up', 'Below', 'Left', 'Down'}
Test that hint matching works correctly ... ok
test_first_section_requirements 
(src.scripts.test_level_generator.TestLevelGenerator.test_first_section_requirements)

Using game data path: C:\Github\match-five\src\data\gameData.json
Loaded 57 hints and 160 unique words

Testing first section requirements:
- Good first section difficulty: 0.996039603960396
- Bad first section difficulty: 0.7921568627450981
Test that first section has different requirements than later sections ... ok
test_hint_reuse_impact (src.scripts.test_level_generator.TestLevelGenerator.test_hint_reuse_impact)

Using game data path: C:\Github\match-five\src\data\gameData.json
Loaded 57 hints and 160 unique words

Testing hint reuse impact:

Analyzing reuse section:
- Slots: ['Blue', 'Green']
- Words: ['Ocean', 'Grass']
- Used words: {'Sun', 'River'}
- Used hints: {'Blue', 'Yellow'}
- Ocean matches Blue? True
- Ocean matches Green? False
- Grass matches Blue? False
- Grass matches Green? True

Analyzing new hints section:
- Slots: ['Green', 'Brown']
- Words: ['Grass', 'Earth']
- Used words: {'Sun', 'River'}
- Used hints: {'Blue', 'Yellow'}
- Grass matches Green? True
- Grass matches Brown? False
- Earth matches Green? False
- Earth matches Brown? True
- Reuse difficulty: -inf
- New hints difficulty: -inf
Test that hint reuse affects difficulty calculation ... FAIL
test_is_section_solvable_basic 
(src.scripts.test_level_generator.TestLevelGenerator.test_is_section_solvable_basic)

Using game data path: C:\Github\match-five\src\data\gameData.json
Loaded 57 hints and 160 unique words

Testing basic solvability:
- Slots: ['Red']
- Words: ['Strawberry']
- Result: True
Test basic solvability with a simple section ... ok
test_is_section_solvable_impossible 
(src.scripts.test_level_generator.TestLevelGenerator.test_is_section_solvable_impossible)

Using game data path: C:\Github\match-five\src\data\gameData.json
Loaded 57 hints and 160 unique words

Testing impossible section:
- Slots: ['Red']
- Words: ['River']
Word 'River' doesn't match any available hint
- Result: False
Test that impossible sections are correctly identified ... ok

Using game data path: C:\Github\match-five\src\data\gameData.json
Loaded 57 hints and 160 unique words

Using game data path: C:\Github\match-five\src\data\gameData.json
Loaded 57 hints and 160 unique words

Testing solvability with previous slots:
- Current slots: ['Blue']
- Previous slots: ['Red']
- Words: ['Fire']
- Fire matches Red? True
- Fire matches Blue? False
- Result: False

Using game data path: C:\Github\match-five\src\data\gameData.json
Loaded 57 hints and 160 unique words

Using game data path: C:\Github\match-five\src\data\gameData.json
test_is_section_solvable_multiple_words 
(src.scripts.test_level_generator.TestLevelGenerator.test_is_section_solvable_multiple_words)
Loaded 57 hints and 160 unique words

Testing later section requirements:

Analyzing good section:
- Slots: ['Red', 'Orange']
- Words: ['Fire', 'Pumpkin']
- Used words: {'Sun', 'River'}
- Used hints: {'Blue', 'Yellow'}
- Fire matches Red? True
- Fire matches Orange? True
- Pumpkin matches Red? False
- Pumpkin matches Orange? True

Analyzing bad section:
- Slots: ['Green', 'Brown']
- Words: ['Grass', 'Earth']
- Used words: {'Sun', 'River'}
- Used hints: {'Blue', 'Yellow'}
- Grass matches Green? True
- Grass matches Brown? False
- Earth matches Green? False
- Earth matches Brown? True
- Good later section difficulty: -inf
- Bad later section difficulty: -inf

Using game data path: C:\Github\match-five\src\data\gameData.json
Loaded 57 hints and 160 unique words

Testing solution count impact on difficulty:
- High ambiguity difficulty: 0.7921568627450981
- Low ambiguity difficulty: 0.996039603960396

Using game data path: C:\Github\match-five\src\data\gameData.json
Loaded 57 hints and 160 unique words

Testing real-world example:
Word 'Tomato' doesn't match any available hint
- Level difficulty: -inf

Testing first section:
- Slots: ['Position', 'Look', 'Bird', 'Round', 'Flow']
- Words: ['Blueberry', 'Window', 'Up', 'Kiwi', 'Stream']
- Result: True

Testing second section:
- Current slots: ['Light', 'Pink', 'Position', 'Season', 'Orange']
- Previous slots: ['Position', 'Look', 'Bird', 'Round', 'Flow']
- Words: ['Tomato', 'Pumpkin', 'Air', 'Fall', 'Eggplant']
Word 'Tomato' doesn't match any available hint
- Result: False
Test solvability with multiple words and slots ... ok
test_is_section_solvable_with_previous_slots 
(src.scripts.test_level_generator.TestLevelGenerator.test_is_section_solvable_with_previous_slots)
Test solvability considering previous slots ... FAIL
test_is_section_solvable_with_used_words 
(src.scripts.test_level_generator.TestLevelGenerator.test_is_section_solvable_with_used_words)
Test solvability when some words are already used ... ok
test_later_section_requirements 
(src.scripts.test_level_generator.TestLevelGenerator.test_later_section_requirements)
Test that later sections have different requirements than first section ... FAIL
test_multiple_solutions_difficulty 
(src.scripts.test_level_generator.TestLevelGenerator.test_multiple_solutions_difficulty)
Test that difficulty calculation considers number of possible solutions ... ok
test_real_world_example (src.scripts.test_level_generator.TestLevelGenerator.test_real_world_example)
Test the real-world example that was failing ... ok

======================================================================
FAIL: test_hint_reuse_impact (src.scripts.test_level_generator.TestLevelGenerator.test_hint_reuse_impact)
Test that hint reuse affects difficulty calculation
----------------------------------------------------------------------
Traceback (most recent call last):
  File "C:\Github\match-five\src\scripts\test_level_generator.py", line 402, in test_hint_reuse_impact
    self.assertGreater(reuse_difficulty, new_difficulty,
AssertionError: -inf not greater than -inf : Section reusing hints should have higher difficulty in later 
sections

======================================================================
FAIL: test_is_section_solvable_with_previous_slots 
(src.scripts.test_level_generator.TestLevelGenerator.test_is_section_solvable_with_previous_slots)
Test solvability considering previous slots
----------------------------------------------------------------------
Traceback (most recent call last):
  File "C:\Github\match-five\src\scripts\test_level_generator.py", line 60, in 
test_is_section_solvable_with_previous_slots
    self.assertTrue(result, "Word matching previous slot should make section solvable")
AssertionError: False is not true : Word matching previous slot should make section solvable

======================================================================
FAIL: test_later_section_requirements 
(src.scripts.test_level_generator.TestLevelGenerator.test_later_section_requirements)
Test that later sections have different requirements than first section
----------------------------------------------------------------------
Traceback (most recent call last):
  File "C:\Github\match-five\src\scripts\test_level_generator.py", line 495, in 
test_later_section_requirements
    self.assertGreater(good_difficulty, bad_difficulty,
AssertionError: -inf not greater than -inf : Later section requiring rearrangement should have higher 
difficulty

----------------------------------------------------------------------
Ran 15 tests in 0.007s

FAILED (failures=3)
